[[34mINF[0m] Created directory: 📡 telegram
[[34mINF[0m] Created directory: 🔗 subscription
[[34mINF[0m] Created directory: 🌍 mixed
[[34mINF[0m] Created directory: 🗄️ daily_archive
[[34mINF[0m] Created directory: 📦 all_configs
[[34mINF[0m] All required directories created (with emoji)
[[34mINF[0m] Loaded 61891 configs from cache
[[34mINF[0m] ✅ channels.csv found with 0 channels
[[34mINF[0m] ✅ Sources.json found
[[34mINF[0m] Scanning GitHub forks for subscription links...
[[33mWRN[0m] No channels found in channels.csv
[[34mINF[0m] Starting to fetch 537 subscription sources
[[35mDBG[0m] Extracted 104 configs from subscription content
[[35mDBG[0m] Extracted 80 configs from subscription content
[[35mDBG[0m] Extracted 2432 configs from subscription content
[[35mDBG[0m] Extracted 80 configs from subscription content
[[35mDBG[0m] Extracted 104 configs from subscription content
[[35mDBG[0m] Extracted 398 configs from subscription content
[[35mDBG[0m] Extracted 360 configs from subscription content
[[35mDBG[0m] Extracted 333 configs from subscription content
[[34mINF[0m] Found subscription in fork ehsanzeus/MahsaFreeConfig: https://raw.githubusercontent.com/ehsanzeus/MahsaFreeConfig/main/mci/sub_1.txt
[[34mINF[0m] Found subscription in fork ehsanzeus/MahsaFreeConfig: https://raw.githubusercontent.com/ehsanzeus/MahsaFreeConfig/main/mci/sub_2.txt
[[34mINF[0m] Found subscription in fork ehsanzeus/MahsaFreeConfig: https://raw.githubusercontent.com/ehsanzeus/MahsaFreeConfig/main/mci/sub_3.txt
[[34mINF[0m] Found subscription in fork ehsanzeus/MahsaFreeConfig: https://raw.githubusercontent.com/ehsanzeus/MahsaFreeConfig/main/mci/sub_4.txt
[[35mDBG[0m] Extracted 148 configs from subscription content
[[35mDBG[0m] Extracted 1 configs from subscription content
[[34mINF[0m] Found subscription in fork ehsanzeus/MahsaFreeConfig: https://raw.githubusercontent.com/ehsanzeus/MahsaFreeConfig/main/mtn/sub_1.txt
[[34mINF[0m] Found subscription in fork ehsanzeus/MahsaFreeConfig: https://raw.githubusercontent.com/ehsanzeus/MahsaFreeConfig/main/mtn/sub_2.txt
[[34mINF[0m] Found subscription in fork ehsanzeus/MahsaFreeConfig: https://raw.githubusercontent.com/ehsanzeus/MahsaFreeConfig/main/mtn/sub_3.txt
[[34mINF[0m] Found subscription in fork ehsanzeus/MahsaFreeConfig: https://raw.githubusercontent.com/ehsanzeus/MahsaFreeConfig/main/mtn/sub_4.txt
[[35mDBG[0m] Extracted 199 configs from subscription content
[[35mDBG[0m] Extracted 410 configs from subscription content
[[35mDBG[0m] Extracted 148 configs from subscription content
[[35mDBG[0m] Extracted 2432 configs from subscription content
[[35mDBG[0m] Extracted 317 configs from subscription content
[[35mDBG[0m] Extracted 880 configs from subscription content
[[35mDBG[0m] Extracted 2432 configs from subscription content
[[34mINF[0m] Found subscription in fork jamesmora396/MahsaFreeConfig: https://raw.githubusercontent.com/jamesmora396/MahsaFreeConfig/main/mci/sub_1.txt
[[35mDBG[0m] Extracted 90 configs from subscription content
[[34mINF[0m] Found subscription in fork jamesmora396/MahsaFreeConfig: https://raw.githubusercontent.com/jamesmora396/MahsaFreeConfig/main/mci/sub_2.txt
[[34mINF[0m] Found subscription in fork jamesmora396/MahsaFreeConfig: https://raw.githubusercontent.com/jamesmora396/MahsaFreeConfig/main/mci/sub_3.txt
[[34mINF[0m] Found subscription in fork jamesmora396/MahsaFreeConfig: https://raw.githubusercontent.com/jamesmora396/MahsaFreeConfig/main/mci/sub_4.txt
[[34mINF[0m] Found subscription in fork jamesmora396/MahsaFreeConfig: https://raw.githubusercontent.com/jamesmora396/MahsaFreeConfig/main/mtn/sub_1.txt
[[35mDBG[0m] Extracted 1 configs from subscription content
[[34mINF[0m] Found subscription in fork jamesmora396/MahsaFreeConfig: https://raw.githubusercontent.com/jamesmora396/MahsaFreeConfig/main/mtn/sub_2.txt
[[35mDBG[0m] Extracted 148 configs from subscription content
[[35mDBG[0m] Extracted 2432 configs from subscription content
[[34mINF[0m] Found subscription in fork jamesmora396/MahsaFreeConfig: https://raw.githubusercontent.com/jamesmora396/MahsaFreeConfig/main/mtn/sub_3.txt
[[34mINF[0m] Found subscription in fork jamesmora396/MahsaFreeConfig: https://raw.githubusercontent.com/jamesmora396/MahsaFreeConfig/main/mtn/sub_4.txt
[[35mDBG[0m] Extracted 80 configs from subscription content
[[35mDBG[0m] Extracted 144 configs from subscription content
[[35mDBG[0m] Extracted 487 configs from subscription content
[[35mDBG[0m] Extracted 35562 configs from subscription content
[[35mDBG[0m] Extracted 104 configs from subscription content
[[35mDBG[0m] Extracted 2466 configs from subscription content
[[35mDBG[0m] Extracted 4764 configs from subscription content
[[35mDBG[0m] Extracted 23 configs from subscription content
[[35mDBG[0m] Extracted 116 configs from subscription content
[[35mDBG[0m] Extracted 2432 configs from subscription content
[[35mDBG[0m] Extracted 2432 configs from subscription content
[[34mINF[0m] Found subscription in fork sarani76/Rza-ai: https://raw.githubusercontent.com/sarani76/Rza-ai/main/mci/sub_1.txt
[[35mDBG[0m] Extracted 0 configs from subscription content
[[34mINF[0m] Found subscription in fork sarani76/Rza-ai: https://raw.githubusercontent.com/sarani76/Rza-ai/main/mci/sub_2.txt
[[34mINF[0m] Found subscription in fork sarani76/Rza-ai: https://raw.githubusercontent.com/sarani76/Rza-ai/main/mci/sub_3.txt
[[34mINF[0m] Found subscription in fork sarani76/Rza-ai: https://raw.githubusercontent.com/sarani76/Rza-ai/main/mci/sub_4.txt
[[34mINF[0m] Found subscription in fork sarani76/Rza-ai: https://raw.githubusercontent.com/sarani76/Rza-ai/main/mtn/sub_1.txt
[[35mDBG[0m] Extracted 103 configs from subscription content
[[34mINF[0m] Found subscription in fork sarani76/Rza-ai: https://raw.githubusercontent.com/sarani76/Rza-ai/main/mtn/sub_2.txt
[[34mINF[0m] Found subscription in fork sarani76/Rza-ai: https://raw.githubusercontent.com/sarani76/Rza-ai/main/mtn/sub_3.txt
[[34mINF[0m] Found subscription in fork sarani76/Rza-ai: https://raw.githubusercontent.com/sarani76/Rza-ai/main/mtn/sub_4.txt
[[35mDBG[0m] Extracted 19 configs from subscription content
[[35mDBG[0m] Extracted 2765 configs from subscription content
[[35mDBG[0m] Extracted 148 configs from subscription content
[[35mDBG[0m] Extracted 1323 configs from subscription content
[[35mDBG[0m] Extracted 11 configs from subscription content
[[34mINF[0m] Found subscription in fork amirragzon3/MahsaFreeConfig: https://raw.githubusercontent.com/amirragzon3/MahsaFreeConfig/main/mci/sub_1.txt
[[35mDBG[0m] Extracted 237 configs from subscription content
[[34mINF[0m] Found subscription in fork amirragzon3/MahsaFreeConfig: https://raw.githubusercontent.com/amirragzon3/MahsaFreeConfig/main/mci/sub_2.txt
[[35mDBG[0m] Extracted 80 configs from subscription content
[[34mINF[0m] Found subscription in fork amirragzon3/MahsaFreeConfig: https://raw.githubusercontent.com/amirragzon3/MahsaFreeConfig/main/mci/sub_3.txt
[[34mINF[0m] Found subscription in fork amirragzon3/MahsaFreeConfig: https://raw.githubusercontent.com/amirragzon3/MahsaFreeConfig/main/mci/sub_4.txt
[[34mINF[0m] Found subscription in fork amirragzon3/MahsaFreeConfig: https://raw.githubusercontent.com/amirragzon3/MahsaFreeConfig/main/mtn/sub_1.txt
[[35mDBG[0m] Extracted 880 configs from subscription content
[[35mDBG[0m] Extracted 3274 configs from subscription content
[[34mINF[0m] Found subscription in fork amirragzon3/MahsaFreeConfig: https://raw.githubusercontent.com/amirragzon3/MahsaFreeConfig/main/mtn/sub_2.txt
[[34mINF[0m] Found subscription in fork amirragzon3/MahsaFreeConfig: https://raw.githubusercontent.com/amirragzon3/MahsaFreeConfig/main/mtn/sub_3.txt
[[34mINF[0m] Found subscription in fork amirragzon3/MahsaFreeConfig: https://raw.githubusercontent.com/amirragzon3/MahsaFreeConfig/main/mtn/sub_4.txt
[[35mDBG[0m] Extracted 148 configs from subscription content
[[35mDBG[0m] Extracted 65 configs from subscription content
[[35mDBG[0m] Extracted 2432 configs from subscription content
[[35mDBG[0m] Extracted 260 configs from subscription content
[[34mINF[0m] Found subscription in fork whooooooooami/MahsaFreeConfig: https://raw.githubusercontent.com/whooooooooami/MahsaFreeConfig/main/mci/sub_1.txt
[[34mINF[0m] Found subscription in fork whooooooooami/MahsaFreeConfig: https://raw.githubusercontent.com/whooooooooami/MahsaFreeConfig/main/mci/sub_2.txt
[[35mDBG[0m] Extracted 755 configs from subscription content
[[34mINF[0m] Found subscription in fork whooooooooami/MahsaFreeConfig: https://raw.githubusercontent.com/whooooooooami/MahsaFreeConfig/main/mci/sub_3.txt
[[35mDBG[0m] Extracted 2432 configs from subscription content
[[34mINF[0m] Found subscription in fork whooooooooami/MahsaFreeConfig: https://raw.githubusercontent.com/whooooooooami/MahsaFreeConfig/main/mci/sub_4.txt
[[34mINF[0m] Found subscription in fork whooooooooami/MahsaFreeConfig: https://raw.githubusercontent.com/whooooooooami/MahsaFreeConfig/main/mtn/sub_1.txt
[[34mINF[0m] Found subscription in fork whooooooooami/MahsaFreeConfig: https://raw.githubusercontent.com/whooooooooami/MahsaFreeConfig/main/mtn/sub_2.txt
[[35mDBG[0m] Extracted 527 configs from subscription content
[[34mINF[0m] Found subscription in fork whooooooooami/MahsaFreeConfig: https://raw.githubusercontent.com/whooooooooami/MahsaFreeConfig/main/mtn/sub_3.txt
[[35mDBG[0m] Extracted 80 configs from subscription content
[[34mINF[0m] Found subscription in fork whooooooooami/MahsaFreeConfig: https://raw.githubusercontent.com/whooooooooami/MahsaFreeConfig/main/mtn/sub_4.txt
[[35mDBG[0m] Extracted 5708 configs from subscription content
[[35mDBG[0m] Extracted 168 configs from subscription content
[[35mDBG[0m] Extracted 80 configs from subscription content
[[35mDBG[0m] Extracted 1855 configs from subscription content
[[35mDBG[0m] Extracted 331 configs from subscription content
[[34mINF[0m] Found subscription in fork PENZA84/MahsaFreeConfig: https://raw.githubusercontent.com/PENZA84/MahsaFreeConfig/main/mci/sub_1.txt
[[34mINF[0m] Found subscription in fork PENZA84/MahsaFreeConfig: https://raw.githubusercontent.com/PENZA84/MahsaFreeConfig/main/mci/sub_2.txt
[[35mDBG[0m] Extracted 1601 configs from subscription content
[[34mINF[0m] Found subscription in fork PENZA84/MahsaFreeConfig: https://raw.githubusercontent.com/PENZA84/MahsaFreeConfig/main/mci/sub_3.txt
[[34mINF[0m] Found subscription in fork PENZA84/MahsaFreeConfig: https://raw.githubusercontent.com/PENZA84/MahsaFreeConfig/main/mci/sub_4.txt
[[35mDBG[0m] Extracted 880 configs from subscription content
[[34mINF[0m] Found subscription in fork PENZA84/MahsaFreeConfig: https://raw.githubusercontent.com/PENZA84/MahsaFreeConfig/main/mtn/sub_1.txt
[[35mDBG[0m] Extracted 2432 configs from subscription content
[[34mINF[0m] Found subscription in fork PENZA84/MahsaFreeConfig: https://raw.githubusercontent.com/PENZA84/MahsaFreeConfig/main/mtn/sub_2.txt
[[34mINF[0m] Found subscription in fork PENZA84/MahsaFreeConfig: https://raw.githubusercontent.com/PENZA84/MahsaFreeConfig/main/mtn/sub_3.txt
[[35mDBG[0m] Extracted 2000 configs from subscription content
[[34mINF[0m] Found subscription in fork PENZA84/MahsaFreeConfig: https://raw.githubusercontent.com/PENZA84/MahsaFreeConfig/main/mtn/sub_4.txt
[[35mDBG[0m] Extracted 347 configs from subscription content
[[35mDBG[0m] Extracted 163 configs from subscription content
[[35mDBG[0m] Extracted 529 configs from subscription content
[[35mDBG[0m] Extracted 200 configs from subscription content
[[34mINF[0m] Found subscription in fork kiyky/MahsaFreeConfig: https://raw.githubusercontent.com/kiyky/MahsaFreeConfig/main/mci/sub_1.txt
[[35mDBG[0m] Extracted 184 configs from subscription content
[[34mINF[0m] Found subscription in fork kiyky/MahsaFreeConfig: https://raw.githubusercontent.com/kiyky/MahsaFreeConfig/main/mci/sub_2.txt
[[34mINF[0m] Found subscription in fork kiyky/MahsaFreeConfig: https://raw.githubusercontent.com/kiyky/MahsaFreeConfig/main/mci/sub_3.txt
[[34mINF[0m] Found subscription in fork kiyky/MahsaFreeConfig: https://raw.githubusercontent.com/kiyky/MahsaFreeConfig/main/mci/sub_4.txt
[[35mDBG[0m] Extracted 422 configs from subscription content
[[34mINF[0m] Found subscription in fork kiyky/MahsaFreeConfig: https://raw.githubusercontent.com/kiyky/MahsaFreeConfig/main/mtn/sub_1.txt
[[34mINF[0m] Found subscription in fork kiyky/MahsaFreeConfig: https://raw.githubusercontent.com/kiyky/MahsaFreeConfig/main/mtn/sub_2.txt
[[34mINF[0m] Found subscription in fork kiyky/MahsaFreeConfig: https://raw.githubusercontent.com/kiyky/MahsaFreeConfig/main/mtn/sub_3.txt
[[34mINF[0m] Found subscription in fork kiyky/MahsaFreeConfig: https://raw.githubusercontent.com/kiyky/MahsaFreeConfig/main/mtn/sub_4.txt
[[35mDBG[0m] Extracted 148 configs from subscription content
[[35mDBG[0m] Extracted 415 configs from subscription content
[[35mDBG[0m] Extracted 558 configs from subscription content
[[35mDBG[0m] Extracted 2 configs from subscription content
[[35mDBG[0m] Extracted 2432 configs from subscription content
[[35mDBG[0m] Extracted 317 configs from subscription content
[[35mDBG[0m] Extracted 5321 configs from subscription content
[[34mINF[0m] Found subscription in fork m000einr1990-spec/MahsaFreeConfig: https://raw.githubusercontent.com/m000einr1990-spec/MahsaFreeConfig/main/mci/sub_1.txt
[[34mINF[0m] Found subscription in fork m000einr1990-spec/MahsaFreeConfig: https://raw.githubusercontent.com/m000einr1990-spec/MahsaFreeConfig/main/mci/sub_2.txt
[[34mINF[0m] Found subscription in fork m000einr1990-spec/MahsaFreeConfig: https://raw.githubusercontent.com/m000einr1990-spec/MahsaFreeConfig/main/mci/sub_3.txt
[[34mINF[0m] Found subscription in fork m000einr1990-spec/MahsaFreeConfig: https://raw.githubusercontent.com/m000einr1990-spec/MahsaFreeConfig/main/mci/sub_4.txt
[[34mINF[0m] Found subscription in fork m000einr1990-spec/MahsaFreeConfig: https://raw.githubusercontent.com/m000einr1990-spec/MahsaFreeConfig/main/mtn/sub_1.txt
[[35mDBG[0m] Extracted 2432 configs from subscription content
[[34mINF[0m] Found subscription in fork m000einr1990-spec/MahsaFreeConfig: https://raw.githubusercontent.com/m000einr1990-spec/MahsaFreeConfig/main/mtn/sub_2.txt
[[34mINF[0m] Found subscription in fork m000einr1990-spec/MahsaFreeConfig: https://raw.githubusercontent.com/m000einr1990-spec/MahsaFreeConfig/main/mtn/sub_3.txt
[[35mDBG[0m] Extracted 2432 configs from subscription content
[[34mINF[0m] Found subscription in fork m000einr1990-spec/MahsaFreeConfig: https://raw.githubusercontent.com/m000einr1990-spec/MahsaFreeConfig/main/mtn/sub_4.txt
[[35mDBG[0m] Extracted 104 configs from subscription content
[[35mDBG[0m] Extracted 148 configs from subscription content
[[35mDBG[0m] Extracted 1853 configs from subscription content
[[35mDBG[0m] Extracted 880 configs from subscription content
[[35mDBG[0m] Extracted 105 configs from subscription content
[[35mDBG[0m] Extracted 87 configs from subscription content
[[35mDBG[0m] Extracted 200 configs from subscription content
[[35mDBG[0m] Extracted 2731 configs from subscription content
[[34mINF[0m] Found subscription in fork hiddify/MahsaFreeConfig: https://raw.githubusercontent.com/hiddify/MahsaFreeConfig/main/mci/sub_1.txt
[[34mINF[0m] Found subscription in fork hiddify/MahsaFreeConfig: https://raw.githubusercontent.com/hiddify/MahsaFreeConfig/main/mci/sub_2.txt
[[35mDBG[0m] Extracted 4003 configs from subscription content
[[34mINF[0m] Found subscription in fork hiddify/MahsaFreeConfig: https://raw.githubusercontent.com/hiddify/MahsaFreeConfig/main/mci/sub_3.txt
[[34mINF[0m] Found subscription in fork hiddify/MahsaFreeConfig: https://raw.githubusercontent.com/hiddify/MahsaFreeConfig/main/mci/sub_4.txt
[[34mINF[0m] Found subscription in fork hiddify/MahsaFreeConfig: https://raw.githubusercontent.com/hiddify/MahsaFreeConfig/main/mtn/sub_1.txt
[[34mINF[0m] Found subscription in fork hiddify/MahsaFreeConfig: https://raw.githubusercontent.com/hiddify/MahsaFreeConfig/main/mtn/sub_2.txt
[[34mINF[0m] Found subscription in fork hiddify/MahsaFreeConfig: https://raw.githubusercontent.com/hiddify/MahsaFreeConfig/main/mtn/sub_3.txt
[[35mDBG[0m] Extracted 242 configs from subscription content
[[34mINF[0m] Found subscription in fork hiddify/MahsaFreeConfig: https://raw.githubusercontent.com/hiddify/MahsaFreeConfig/main/mtn/sub_4.txt
[[35mDBG[0m] Extracted 258 configs from subscription content
[[35mDBG[0m] Extracted 2432 configs from subscription content
[[35mDBG[0m] Extracted 11 configs from subscription content
[[35mDBG[0m] Extracted 2432 configs from subscription content
[[35mDBG[0m] Extracted 870 configs from subscription content
[[35mDBG[0m] Extracted 85 configs from subscription content
[[35mDBG[0m] Extracted 226 configs from subscription content
[[34mINF[0m] Found subscription in fork mahyamkashani/MahsaFreeConfig: https://raw.githubusercontent.com/mahyamkashani/MahsaFreeConfig/main/mci/sub_1.txt
[[34mINF[0m] Found subscription in fork mahyamkashani/MahsaFreeConfig: https://raw.githubusercontent.com/mahyamkashani/MahsaFreeConfig/main/mci/sub_2.txt
[[34mINF[0m] Found subscription in fork mahyamkashani/MahsaFreeConfig: https://raw.githubusercontent.com/mahyamkashani/MahsaFreeConfig/main/mci/sub_3.txt
[[34mINF[0m] Found subscription in fork mahyamkashani/MahsaFreeConfig: https://raw.githubusercontent.com/mahyamkashani/MahsaFreeConfig/main/mci/sub_4.txt
[[34mINF[0m] Found subscription in fork mahyamkashani/MahsaFreeConfig: https://raw.githubusercontent.com/mahyamkashani/MahsaFreeConfig/main/mtn/sub_1.txt
[[35mDBG[0m] Extracted 726 configs from subscription content
[[34mINF[0m] Found subscription in fork mahyamkashani/MahsaFreeConfig: https://raw.githubusercontent.com/mahyamkashani/MahsaFreeConfig/main/mtn/sub_2.txt
[[34mINF[0m] Found subscription in fork mahyamkashani/MahsaFreeConfig: https://raw.githubusercontent.com/mahyamkashani/MahsaFreeConfig/main/mtn/sub_3.txt
[[35mDBG[0m] Extracted 1327 configs from subscription content
[[34mINF[0m] Found subscription in fork mahyamkashani/MahsaFreeConfig: https://raw.githubusercontent.com/mahyamkashani/MahsaFreeConfig/main/mtn/sub_4.txt
[[35mDBG[0m] Extracted 7 configs from subscription content
[[35mDBG[0m] Extracted 80 configs from subscription content
[[35mDBG[0m] Extracted 11 configs from subscription content
[[35mDBG[0m] Extracted 2432 configs from subscription content
[[35mDBG[0m] Extracted 19 configs from subscription content
[[35mDBG[0m] Extracted 20 configs from subscription content
[[34mINF[0m] Found subscription in fork EDK-Rise/MahsaFreeConfig: https://raw.githubusercontent.com/EDK-Rise/MahsaFreeConfig/main/mci/sub_1.txt
[[34mINF[0m] Found subscription in fork EDK-Rise/MahsaFreeConfig: https://raw.githubusercontent.com/EDK-Rise/MahsaFreeConfig/main/mci/sub_2.txt
[[34mINF[0m] Found subscription in fork EDK-Rise/MahsaFreeConfig: https://raw.githubusercontent.com/EDK-Rise/MahsaFreeConfig/main/mci/sub_3.txt
[[34mINF[0m] Found subscription in fork EDK-Rise/MahsaFreeConfig: https://raw.githubusercontent.com/EDK-Rise/MahsaFreeConfig/main/mci/sub_4.txt
[[35mDBG[0m] Extracted 29777 configs from subscription content
[[34mINF[0m] Found subscription in fork EDK-Rise/MahsaFreeConfig: https://raw.githubusercontent.com/EDK-Rise/MahsaFreeConfig/main/mtn/sub_1.txt
[[35mDBG[0m] Extracted 0 configs from subscription content
[[35mDBG[0m] Extracted 0 configs from subscription content
[[34mINF[0m] Found subscription in fork EDK-Rise/MahsaFreeConfig: https://raw.githubusercontent.com/EDK-Rise/MahsaFreeConfig/main/mtn/sub_2.txt
[[34mINF[0m] Found subscription in fork EDK-Rise/MahsaFreeConfig: https://raw.githubusercontent.com/EDK-Rise/MahsaFreeConfig/main/mtn/sub_3.txt
[[34mINF[0m] Found subscription in fork EDK-Rise/MahsaFreeConfig: https://raw.githubusercontent.com/EDK-Rise/MahsaFreeConfig/main/mtn/sub_4.txt
[[35mDBG[0m] Extracted 513 configs from subscription content
[[35mDBG[0m] Extracted 880 configs from subscription content
[[35mDBG[0m] Extracted 349 configs from subscription content
[[35mDBG[0m] Extracted 6405 configs from subscription content
[[35mDBG[0m] Extracted 242 configs from subscription content
[[35mDBG[0m] Extracted 0 configs from subscription content
[[34mINF[0m] Found subscription in fork Wolf6470/MahsaFreeConfig: https://raw.githubusercontent.com/Wolf6470/MahsaFreeConfig/main/mci/sub_1.txt
[[34mINF[0m] Found subscription in fork Wolf6470/MahsaFreeConfig: https://raw.githubusercontent.com/Wolf6470/MahsaFreeConfig/main/mci/sub_2.txt
[[35mDBG[0m] Extracted 198 configs from subscription content
[[34mINF[0m] Found subscription in fork Wolf6470/MahsaFreeConfig: https://raw.githubusercontent.com/Wolf6470/MahsaFreeConfig/main/mci/sub_3.txt
[[34mINF[0m] Found subscription in fork Wolf6470/MahsaFreeConfig: https://raw.githubusercontent.com/Wolf6470/MahsaFreeConfig/main/mci/sub_4.txt
[[34mINF[0m] Found subscription in fork Wolf6470/MahsaFreeConfig: https://raw.githubusercontent.com/Wolf6470/MahsaFreeConfig/main/mtn/sub_1.txt
[[35mDBG[0m] Extracted 7 configs from subscription content
[[34mINF[0m] Found subscription in fork Wolf6470/MahsaFreeConfig: https://raw.githubusercontent.com/Wolf6470/MahsaFreeConfig/main/mtn/sub_2.txt
[[34mINF[0m] Found subscription in fork Wolf6470/MahsaFreeConfig: https://raw.githubusercontent.com/Wolf6470/MahsaFreeConfig/main/mtn/sub_3.txt
[[34mINF[0m] Found subscription in fork Wolf6470/MahsaFreeConfig: https://raw.githubusercontent.com/Wolf6470/MahsaFreeConfig/main/mtn/sub_4.txt
[[35mDBG[0m] Extracted 2432 configs from subscription content
[[35mDBG[0m] Extracted 28 configs from subscription content
[[35mDBG[0m] Extracted 3340 configs from subscription content
[[35mDBG[0m] Extracted 2464 configs from subscription content
[[35mDBG[0m] Extracted 2432 configs from subscription content
[[35mDBG[0m] Extracted 349 configs from subscription content
[[35mDBG[0m] Extracted 2305 configs from subscription content
[[34mINF[0m] Found subscription in fork yasbija/MahsaFreeConfig: https://raw.githubusercontent.com/yasbija/MahsaFreeConfig/main/mci/sub_1.txt
[[34mINF[0m] Found subscription in fork yasbija/MahsaFreeConfig: https://raw.githubusercontent.com/yasbija/MahsaFreeConfig/main/mci/sub_2.txt
[[34mINF[0m] Found subscription in fork yasbija/MahsaFreeConfig: https://raw.githubusercontent.com/yasbija/MahsaFreeConfig/main/mci/sub_3.txt
[[35mDBG[0m] Extracted 104 configs from subscription content
[[34mINF[0m] Found subscription in fork yasbija/MahsaFreeConfig: https://raw.githubusercontent.com/yasbija/MahsaFreeConfig/main/mci/sub_4.txt
[[34mINF[0m] Found subscription in fork yasbija/MahsaFreeConfig: https://raw.githubusercontent.com/yasbija/MahsaFreeConfig/main/mtn/sub_1.txt
[[34mINF[0m] Found subscription in fork yasbija/MahsaFreeConfig: https://raw.githubusercontent.com/yasbija/MahsaFreeConfig/main/mtn/sub_2.txt
[[34mINF[0m] Found subscription in fork yasbija/MahsaFreeConfig: https://raw.githubusercontent.com/yasbija/MahsaFreeConfig/main/mtn/sub_3.txt
[[34mINF[0m] Found subscription in fork yasbija/MahsaFreeConfig: https://raw.githubusercontent.com/yasbija/MahsaFreeConfig/main/mtn/sub_4.txt
[[35mDBG[0m] Extracted 148 configs from subscription content
[[35mDBG[0m] Extracted 80 configs from subscription content
[[35mDBG[0m] Extracted 487 configs from subscription content
[[35mDBG[0m] Extracted 258 configs from subscription content
[[35mDBG[0m] Extracted 242 configs from subscription content
[[35mDBG[0m] Extracted 1182 configs from subscription content
[[34mINF[0m] Found subscription in fork AivarSaar/MahsaFreeConfig: https://raw.githubusercontent.com/AivarSaar/MahsaFreeConfig/main/mci/sub_1.txt
[[35mDBG[0m] Extracted 37 configs from subscription content
[[35mDBG[0m] Extracted 1871 configs from subscription content
[[34mINF[0m] Found subscription in fork AivarSaar/MahsaFreeConfig: https://raw.githubusercontent.com/AivarSaar/MahsaFreeConfig/main/mci/sub_2.txt
[[34mINF[0m] Found subscription in fork AivarSaar/MahsaFreeConfig: https://raw.githubusercontent.com/AivarSaar/MahsaFreeConfig/main/mci/sub_3.txt
[[34mINF[0m] Found subscription in fork AivarSaar/MahsaFreeConfig: https://raw.githubusercontent.com/AivarSaar/MahsaFreeConfig/main/mci/sub_4.txt
[[35mDBG[0m] Extracted 148 configs from subscription content
[[34mINF[0m] Found subscription in fork AivarSaar/MahsaFreeConfig: https://raw.githubusercontent.com/AivarSaar/MahsaFreeConfig/main/mtn/sub_1.txt
[[34mINF[0m] Found subscription in fork AivarSaar/MahsaFreeConfig: https://raw.githubusercontent.com/AivarSaar/MahsaFreeConfig/main/mtn/sub_2.txt
[[34mINF[0m] Found subscription in fork AivarSaar/MahsaFreeConfig: https://raw.githubusercontent.com/AivarSaar/MahsaFreeConfig/main/mtn/sub_3.txt
[[34mINF[0m] Found subscription in fork AivarSaar/MahsaFreeConfig: https://raw.githubusercontent.com/AivarSaar/MahsaFreeConfig/main/mtn/sub_4.txt
[[35mDBG[0m] Extracted 880 configs from subscription content
[[35mDBG[0m] Extracted 80 configs from subscription content
[[35mDBG[0m] Extracted 537 configs from subscription content
[[35mDBG[0m] Extracted 80 configs from subscription content
[[35mDBG[0m] Extracted 148 configs from subscription content
[[34mINF[0m] Found subscription in fork ehsan7672/MahsaFreeConfig: https://raw.githubusercontent.com/ehsan7672/MahsaFreeConfig/main/mci/sub_1.txt
[[34mINF[0m] Found subscription in fork ehsan7672/MahsaFreeConfig: https://raw.githubusercontent.com/ehsan7672/MahsaFreeConfig/main/mci/sub_2.txt
[[35mDBG[0m] Extracted 2432 configs from subscription content
[[35mDBG[0m] Extracted 366 configs from subscription content
[[34mINF[0m] Found subscription in fork ehsan7672/MahsaFreeConfig: https://raw.githubusercontent.com/ehsan7672/MahsaFreeConfig/main/mci/sub_3.txt
[[34mINF[0m] Found subscription in fork ehsan7672/MahsaFreeConfig: https://raw.githubusercontent.com/ehsan7672/MahsaFreeConfig/main/mci/sub_4.txt
[[34mINF[0m] Found subscription in fork ehsan7672/MahsaFreeConfig: https://raw.githubusercontent.com/ehsan7672/MahsaFreeConfig/main/mtn/sub_1.txt
[[34mINF[0m] Found subscription in fork ehsan7672/MahsaFreeConfig: https://raw.githubusercontent.com/ehsan7672/MahsaFreeConfig/main/mtn/sub_2.txt
[[34mINF[0m] Found subscription in fork ehsan7672/MahsaFreeConfig: https://raw.githubusercontent.com/ehsan7672/MahsaFreeConfig/main/mtn/sub_3.txt
[[35mDBG[0m] Extracted 38 configs from subscription content
[[34mINF[0m] Found subscription in fork ehsan7672/MahsaFreeConfig: https://raw.githubusercontent.com/ehsan7672/MahsaFreeConfig/main/mtn/sub_4.txt
[[35mDBG[0m] Extracted 880 configs from subscription content
[[35mDBG[0m] Extracted 12 configs from subscription content
[[35mDBG[0m] Extracted 5 configs from subscription content
[[35mDBG[0m] Extracted 43 configs from subscription content
[[35mDBG[0m] Extracted 242 configs from subscription content
[[35mDBG[0m] Extracted 705 configs from subscription content
[[34mINF[0m] Found subscription in fork vsevolobo/MahsaFreeConfig: https://raw.githubusercontent.com/vsevolobo/MahsaFreeConfig/main/mci/sub_1.txt
[[34mINF[0m] Found subscription in fork vsevolobo/MahsaFreeConfig: https://raw.githubusercontent.com/vsevolobo/MahsaFreeConfig/main/mci/sub_2.txt
[[34mINF[0m] Found subscription in fork vsevolobo/MahsaFreeConfig: https://raw.githubusercontent.com/vsevolobo/MahsaFreeConfig/main/mci/sub_3.txt
[[35mDBG[0m] Extracted 583 configs from subscription content
[[34mINF[0m] Found subscription in fork vsevolobo/MahsaFreeConfig: https://raw.githubusercontent.com/vsevolobo/MahsaFreeConfig/main/mci/sub_4.txt
[[34mINF[0m] Found subscription in fork vsevolobo/MahsaFreeConfig: https://raw.githubusercontent.com/vsevolobo/MahsaFreeConfig/main/mtn/sub_1.txt
[[34mINF[0m] Found subscription in fork vsevolobo/MahsaFreeConfig: https://raw.githubusercontent.com/vsevolobo/MahsaFreeConfig/main/mtn/sub_2.txt
[[34mINF[0m] Found subscription in fork vsevolobo/MahsaFreeConfig: https://raw.githubusercontent.com/vsevolobo/MahsaFreeConfig/main/mtn/sub_3.txt
[[35mDBG[0m] Extracted 176 configs from subscription content
[[34mINF[0m] Found subscription in fork vsevolobo/MahsaFreeConfig: https://raw.githubusercontent.com/vsevolobo/MahsaFreeConfig/main/mtn/sub_4.txt
[[35mDBG[0m] Extracted 2905 configs from subscription content
[[35mDBG[0m] Extracted 529 configs from subscription content
[[35mDBG[0m] Extracted 148 configs from subscription content
[[35mDBG[0m] Extracted 6 configs from subscription content
[[35mDBG[0m] Extracted 55 configs from subscription content
[[35mDBG[0m] Extracted 104 configs from subscription content
[[34mINF[0m] Found subscription in fork FrankHunton/MFC3303: https://raw.githubusercontent.com/FrankHunton/MFC3303/main/mci/sub_1.txt
[[35mDBG[0m] Extracted 1428 configs from subscription content
[[34mINF[0m] Found subscription in fork FrankHunton/MFC3303: https://raw.githubusercontent.com/FrankHunton/MFC3303/main/mci/sub_2.txt
[[34mINF[0m] Found subscription in fork FrankHunton/MFC3303: https://raw.githubusercontent.com/FrankHunton/MFC3303/main/mci/sub_3.txt
[[35mDBG[0m] Extracted 211 configs from subscription content
[[34mINF[0m] Found subscription in fork FrankHunton/MFC3303: https://raw.githubusercontent.com/FrankHunton/MFC3303/main/mci/sub_4.txt
[[34mINF[0m] Found subscription in fork FrankHunton/MFC3303: https://raw.githubusercontent.com/FrankHunton/MFC3303/main/mtn/sub_1.txt
[[35mDBG[0m] Extracted 248 configs from subscription content
[[35mDBG[0m] Extracted 74 configs from subscription content
[[34mINF[0m] Found subscription in fork FrankHunton/MFC3303: https://raw.githubusercontent.com/FrankHunton/MFC3303/main/mtn/sub_2.txt
[[34mINF[0m] Found subscription in fork FrankHunton/MFC3303: https://raw.githubusercontent.com/FrankHunton/MFC3303/main/mtn/sub_3.txt
[[34mINF[0m] Found subscription in fork FrankHunton/MFC3303: https://raw.githubusercontent.com/FrankHunton/MFC3303/main/mtn/sub_4.txt
[[35mDBG[0m] Extracted 250 configs from subscription content
[[35mDBG[0m] Extracted 124 configs from subscription content
[[35mDBG[0m] Extracted 1885 configs from subscription content
[[35mDBG[0m] Extracted 104 configs from subscription content
[[35mDBG[0m] Extracted 148 configs from subscription content
[[35mDBG[0m] Extracted 85 configs from subscription content
[[35mDBG[0m] Extracted 1367 configs from subscription content
[[35mDBG[0m] Extracted 1369 configs from subscription content
[[35mDBG[0m] Extracted 1 configs from subscription content
[[35mDBG[0m] Extracted 33186 configs from subscription content
[[34mINF[0m] Found subscription in fork ARMANERGAN/MahsaFreeConfig: https://raw.githubusercontent.com/ARMANERGAN/MahsaFreeConfig/main/mci/sub_1.txt
[[35mDBG[0m] Extracted 98 configs from subscription content
[[35mDBG[0m] Extracted 880 configs from subscription content
[[34mINF[0m] Found subscription in fork ARMANERGAN/MahsaFreeConfig: https://raw.githubusercontent.com/ARMANERGAN/MahsaFreeConfig/main/mci/sub_2.txt
[[35mDBG[0m] Extracted 148 configs from subscription content
[[34mINF[0m] Found subscription in fork ARMANERGAN/MahsaFreeConfig: https://raw.githubusercontent.com/ARMANERGAN/MahsaFreeConfig/main/mci/sub_3.txt
[[34mINF[0m] Found subscription in fork ARMANERGAN/MahsaFreeConfig: https://raw.githubusercontent.com/ARMANERGAN/MahsaFreeConfig/main/mci/sub_4.txt
[[34mINF[0m] Found subscription in fork ARMANERGAN/MahsaFreeConfig: https://raw.githubusercontent.com/ARMANERGAN/MahsaFreeConfig/main/mtn/sub_1.txt
[[34mINF[0m] Found subscription in fork ARMANERGAN/MahsaFreeConfig: https://raw.githubusercontent.com/ARMANERGAN/MahsaFreeConfig/main/mtn/sub_2.txt
[[34mINF[0m] Found subscription in fork ARMANERGAN/MahsaFreeConfig: https://raw.githubusercontent.com/ARMANERGAN/MahsaFreeConfig/main/mtn/sub_3.txt
[[34mINF[0m] Found subscription in fork ARMANERGAN/MahsaFreeConfig: https://raw.githubusercontent.com/ARMANERGAN/MahsaFreeConfig/main/mtn/sub_4.txt
[[35mDBG[0m] Extracted 148 configs from subscription content
[[35mDBG[0m] Extracted 104 configs from subscription content
[[35mDBG[0m] Extracted 104 configs from subscription content
[[35mDBG[0m] Extracted 880 configs from subscription content
[[35mDBG[0m] Extracted 148 configs from subscription content
[[35mDBG[0m] Extracted 200 configs from subscription content
[[35mDBG[0m] Extracted 272 configs from subscription content
[[34mINF[0m] Found subscription in fork monddelta/MahsaFreeConfig: https://raw.githubusercontent.com/monddelta/MahsaFreeConfig/main/mci/sub_1.txt
[[34mINF[0m] Found subscription in fork monddelta/MahsaFreeConfig: https://raw.githubusercontent.com/monddelta/MahsaFreeConfig/main/mci/sub_2.txt
[[34mINF[0m] Found subscription in fork monddelta/MahsaFreeConfig: https://raw.githubusercontent.com/monddelta/MahsaFreeConfig/main/mci/sub_3.txt
[[35mDBG[0m] Extracted 2432 configs from subscription content
[[34mINF[0m] Found subscription in fork monddelta/MahsaFreeConfig: https://raw.githubusercontent.com/monddelta/MahsaFreeConfig/main/mci/sub_4.txt
[[34mINF[0m] Found subscription in fork monddelta/MahsaFreeConfig: https://raw.githubusercontent.com/monddelta/MahsaFreeConfig/main/mtn/sub_1.txt
[[34mINF[0m] Found subscription in fork monddelta/MahsaFreeConfig: https://raw.githubusercontent.com/monddelta/MahsaFreeConfig/main/mtn/sub_2.txt
[[34mINF[0m] Found subscription in fork monddelta/MahsaFreeConfig: https://raw.githubusercontent.com/monddelta/MahsaFreeConfig/main/mtn/sub_3.txt
[[35mDBG[0m] Extracted 440 configs from subscription content
[[34mINF[0m] Found subscription in fork monddelta/MahsaFreeConfig: https://raw.githubusercontent.com/monddelta/MahsaFreeConfig/main/mtn/sub_4.txt
[[35mDBG[0m] Extracted 405 configs from subscription content
[[35mDBG[0m] Extracted 104 configs from subscription content
[[35mDBG[0m] Extracted 104 configs from subscription content
[[35mDBG[0m] Extracted 486 configs from subscription content
[[35mDBG[0m] Extracted 4 configs from subscription content
[[35mDBG[0m] Extracted 148 configs from subscription content
[[35mDBG[0m] Extracted 242 configs from subscription content
[[35mDBG[0m] Extracted 2432 configs from subscription content
[[35mDBG[0m] Extracted 880 configs from subscription content
[[35mDBG[0m] Extracted 409 configs from subscription content
[[35mDBG[0m] Extracted 60 configs from subscription content
[[35mDBG[0m] Extracted 880 configs from subscription content
[[34mINF[0m] Found subscription in fork aminafsh/MahsaFreeConfig: https://raw.githubusercontent.com/aminafsh/MahsaFreeConfig/main/mci/sub_1.txt
[[35mDBG[0m] Extracted 359 configs from subscription content
[[34mINF[0m] Found subscription in fork aminafsh/MahsaFreeConfig: https://raw.githubusercontent.com/aminafsh/MahsaFreeConfig/main/mci/sub_2.txt
[[35mDBG[0m] Extracted 486 configs from subscription content
[[34mINF[0m] Found subscription in fork aminafsh/MahsaFreeConfig: https://raw.githubusercontent.com/aminafsh/MahsaFreeConfig/main/mci/sub_3.txt
[[34mINF[0m] Found subscription in fork aminafsh/MahsaFreeConfig: https://raw.githubusercontent.com/aminafsh/MahsaFreeConfig/main/mci/sub_4.txt
[[35mDBG[0m] Extracted 9034 configs from subscription content
[[34mINF[0m] Found subscription in fork aminafsh/MahsaFreeConfig: https://raw.githubusercontent.com/aminafsh/MahsaFreeConfig/main/mtn/sub_1.txt
[[34mINF[0m] Found subscription in fork aminafsh/MahsaFreeConfig: https://raw.githubusercontent.com/aminafsh/MahsaFreeConfig/main/mtn/sub_2.txt
[[34mINF[0m] Found subscription in fork aminafsh/MahsaFreeConfig: https://raw.githubusercontent.com/aminafsh/MahsaFreeConfig/main/mtn/sub_3.txt
[[35mDBG[0m] Extracted 6396 configs from subscription content
[[34mINF[0m] Found subscription in fork aminafsh/MahsaFreeConfig: https://raw.githubusercontent.com/aminafsh/MahsaFreeConfig/main/mtn/sub_4.txt
[[35mDBG[0m] Extracted 880 configs from subscription content
[[35mDBG[0m] Extracted 80 configs from subscription content
[[35mDBG[0m] Extracted 197 configs from subscription content
[[35mDBG[0m] Extracted 2432 configs from subscription content
[[35mDBG[0m] Extracted 3362 configs from subscription content
[[34mINF[0m] Found subscription in fork h-sajad555/MahsaFreeConfig: https://raw.githubusercontent.com/h-sajad555/MahsaFreeConfig/main/mci/sub_1.txt
[[35mDBG[0m] Extracted 115 configs from subscription content
[[34mINF[0m] Found subscription in fork h-sajad555/MahsaFreeConfig: https://raw.githubusercontent.com/h-sajad555/MahsaFreeConfig/main/mci/sub_2.txt
[[34mINF[0m] Found subscription in fork h-sajad555/MahsaFreeConfig: https://raw.githubusercontent.com/h-sajad555/MahsaFreeConfig/main/mci/sub_3.txt
[[34mINF[0m] Found subscription in fork h-sajad555/MahsaFreeConfig: https://raw.githubusercontent.com/h-sajad555/MahsaFreeConfig/main/mci/sub_4.txt
[[35mDBG[0m] Extracted 30 configs from subscription content
[[34mINF[0m] Found subscription in fork h-sajad555/MahsaFreeConfig: https://raw.githubusercontent.com/h-sajad555/MahsaFreeConfig/main/mtn/sub_1.txt
[[34mINF[0m] Found subscription in fork h-sajad555/MahsaFreeConfig: https://raw.githubusercontent.com/h-sajad555/MahsaFreeConfig/main/mtn/sub_2.txt
[[35mDBG[0m] Extracted 1085 configs from subscription content
[[35mDBG[0m] Extracted 3567 configs from subscription content
[[34mINF[0m] Found subscription in fork h-sajad555/MahsaFreeConfig: https://raw.githubusercontent.com/h-sajad555/MahsaFreeConfig/main/mtn/sub_3.txt
[[34mINF[0m] Found subscription in fork h-sajad555/MahsaFreeConfig: https://raw.githubusercontent.com/h-sajad555/MahsaFreeConfig/main/mtn/sub_4.txt
[[35mDBG[0m] Extracted 1250 configs from subscription content
[[35mDBG[0m] Extracted 2432 configs from subscription content
[[35mDBG[0m] Extracted 368 configs from subscription content
[[35mDBG[0m] Extracted 880 configs from subscription content
[[35mDBG[0m] Extracted 195 configs from subscription content
[[35mDBG[0m] Extracted 69 configs from subscription content
[[34mINF[0m] Found subscription in fork lowercase78/MahsaFreeConfig: https://raw.githubusercontent.com/lowercase78/MahsaFreeConfig/main/mci/sub_1.txt
[[35mDBG[0m] Extracted 267 configs from subscription content
[[34mINF[0m] Found subscription in fork lowercase78/MahsaFreeConfig: https://raw.githubusercontent.com/lowercase78/MahsaFreeConfig/main/mci/sub_2.txt
[[34mINF[0m] Found subscription in fork lowercase78/MahsaFreeConfig: https://raw.githubusercontent.com/lowercase78/MahsaFreeConfig/main/mci/sub_3.txt
[[34mINF[0m] Found subscription in fork lowercase78/MahsaFreeConfig: https://raw.githubusercontent.com/lowercase78/MahsaFreeConfig/main/mci/sub_4.txt
[[35mDBG[0m] Extracted 4 configs from subscription content
[[34mINF[0m] Found subscription in fork lowercase78/MahsaFreeConfig: https://raw.githubusercontent.com/lowercase78/MahsaFreeConfig/main/mtn/sub_1.txt
[[35mDBG[0m] Extracted 589 configs from subscription content
[[35mDBG[0m] Extracted 80 configs from subscription content
[[34mINF[0m] Found subscription in fork lowercase78/MahsaFreeConfig: https://raw.githubusercontent.com/lowercase78/MahsaFreeConfig/main/mtn/sub_2.txt
[[34mINF[0m] Found subscription in fork lowercase78/MahsaFreeConfig: https://raw.githubusercontent.com/lowercase78/MahsaFreeConfig/main/mtn/sub_3.txt
[[34mINF[0m] Found subscription in fork lowercase78/MahsaFreeConfig: https://raw.githubusercontent.com/lowercase78/MahsaFreeConfig/main/mtn/sub_4.txt
[[35mDBG[0m] Extracted 104 configs from subscription content
[[35mDBG[0m] Extracted 416 configs from subscription content
[[35mDBG[0m] Extracted 80 configs from subscription content
[[35mDBG[0m] Extracted 2565 configs from subscription content
[[34mINF[0m] Found subscription in fork gxiaobai2024/MahsaFreeConfig: https://raw.githubusercontent.com/gxiaobai2024/MahsaFreeConfig/main/mci/sub_1.txt
[[34mINF[0m] Found subscription in fork gxiaobai2024/MahsaFreeConfig: https://raw.githubusercontent.com/gxiaobai2024/MahsaFreeConfig/main/mci/sub_2.txt
[[35mDBG[0m] Extracted 4 configs from subscription content
[[34mINF[0m] Found subscription in fork gxiaobai2024/MahsaFreeConfig: https://raw.githubusercontent.com/gxiaobai2024/MahsaFreeConfig/main/mci/sub_3.txt
[[34mINF[0m] Found subscription in fork gxiaobai2024/MahsaFreeConfig: https://raw.githubusercontent.com/gxiaobai2024/MahsaFreeConfig/main/mci/sub_4.txt
[[35mDBG[0m] Extracted 880 configs from subscription content
[[34mINF[0m] Found subscription in fork gxiaobai2024/MahsaFreeConfig: https://raw.githubusercontent.com/gxiaobai2024/MahsaFreeConfig/main/mtn/sub_1.txt
[[34mINF[0m] Found subscription in fork gxiaobai2024/MahsaFreeConfig: https://raw.githubusercontent.com/gxiaobai2024/MahsaFreeConfig/main/mtn/sub_2.txt
[[34mINF[0m] Found subscription in fork gxiaobai2024/MahsaFreeConfig: https://raw.githubusercontent.com/gxiaobai2024/MahsaFreeConfig/main/mtn/sub_3.txt
[[35mDBG[0m] Extracted 231 configs from subscription content
[[34mINF[0m] Found subscription in fork gxiaobai2024/MahsaFreeConfig: https://raw.githubusercontent.com/gxiaobai2024/MahsaFreeConfig/main/mtn/sub_4.txt
[[35mDBG[0m] Extracted 104 configs from subscription content
[[35mDBG[0m] Extracted 562 configs from subscription content
[[35mDBG[0m] Extracted 80 configs from subscription content
[[35mDBG[0m] Extracted 880 configs from subscription content
[[35mDBG[0m] Extracted 328 configs from subscription content
[[34mINF[0m] Found subscription in fork cheneycccc/MahsaFreeConfig: https://raw.githubusercontent.com/cheneycccc/MahsaFreeConfig/main/mci/sub_1.txt
[[34mINF[0m] Found subscription in fork cheneycccc/MahsaFreeConfig: https://raw.githubusercontent.com/cheneycccc/MahsaFreeConfig/main/mci/sub_2.txt
[[35mDBG[0m] Extracted 47 configs from subscription content
[[34mINF[0m] Found subscription in fork cheneycccc/MahsaFreeConfig: https://raw.githubusercontent.com/cheneycccc/MahsaFreeConfig/main/mci/sub_3.txt
[[34mINF[0m] Found subscription in fork cheneycccc/MahsaFreeConfig: https://raw.githubusercontent.com/cheneycccc/MahsaFreeConfig/main/mci/sub_4.txt
[[35mDBG[0m] Extracted 200 configs from subscription content
[[34mINF[0m] Found subscription in fork cheneycccc/MahsaFreeConfig: https://raw.githubusercontent.com/cheneycccc/MahsaFreeConfig/main/mtn/sub_1.txt
[[34mINF[0m] Found subscription in fork cheneycccc/MahsaFreeConfig: https://raw.githubusercontent.com/cheneycccc/MahsaFreeConfig/main/mtn/sub_2.txt
[[34mINF[0m] Found subscription in fork cheneycccc/MahsaFreeConfig: https://raw.githubusercontent.com/cheneycccc/MahsaFreeConfig/main/mtn/sub_3.txt
[[34mINF[0m] Found subscription in fork cheneycccc/MahsaFreeConfig: https://raw.githubusercontent.com/cheneycccc/MahsaFreeConfig/main/mtn/sub_4.txt
[[35mDBG[0m] Extracted 2432 configs from subscription content
[[35mDBG[0m] Extracted 15 configs from subscription content
[[35mDBG[0m] Extracted 214 configs from subscription content
[[35mDBG[0m] Extracted 188 configs from subscription content
[[35mDBG[0m] Extracted 80 configs from subscription content
[[34mINF[0m] Found subscription in fork Figi100/MahsaFreeConfig: https://raw.githubusercontent.com/Figi100/MahsaFreeConfig/main/mci/sub_1.txt
[[35mDBG[0m] Extracted 2116 configs from subscription content
[[34mINF[0m] Found subscription in fork Figi100/MahsaFreeConfig: https://raw.githubusercontent.com/Figi100/MahsaFreeConfig/main/mci/sub_2.txt
[[34mINF[0m] Found subscription in fork Figi100/MahsaFreeConfig: https://raw.githubusercontent.com/Figi100/MahsaFreeConfig/main/mci/sub_3.txt
[[35mDBG[0m] Extracted 2432 configs from subscription content
[[34mINF[0m] Found subscription in fork Figi100/MahsaFreeConfig: https://raw.githubusercontent.com/Figi100/MahsaFreeConfig/main/mci/sub_4.txt
[[35mDBG[0m] Extracted 880 configs from subscription content
[[34mINF[0m] Found subscription in fork Figi100/MahsaFreeConfig: https://raw.githubusercontent.com/Figi100/MahsaFreeConfig/main/mtn/sub_1.txt
[[34mINF[0m] Found subscription in fork Figi100/MahsaFreeConfig: https://raw.githubusercontent.com/Figi100/MahsaFreeConfig/main/mtn/sub_2.txt
[[34mINF[0m] Found subscription in fork Figi100/MahsaFreeConfig: https://raw.githubusercontent.com/Figi100/MahsaFreeConfig/main/mtn/sub_3.txt
[[34mINF[0m] Found subscription in fork Figi100/MahsaFreeConfig: https://raw.githubusercontent.com/Figi100/MahsaFreeConfig/main/mtn/sub_4.txt
[[35mDBG[0m] Extracted 148 configs from subscription content
[[35mDBG[0m] Extracted 413 configs from subscription content
[[35mDBG[0m] Extracted 71 configs from subscription content
[[35mDBG[0m] Extracted 148 configs from subscription content
[[34mINF[0m] Fetched 200 potential subscription URLs from forks
[[35mDBG[0m] Extracted 0 configs from subscription content
[[35mDBG[0m] Extracted 10 configs from subscription content
[[35mDBG[0m] Extracted 30 configs from subscription content
[[35mDBG[0m] Extracted 0 configs from subscription content
[[35mDBG[0m] Extracted 30 configs from subscription content
[[35mDBG[0m] Extracted 4 configs from subscription content
[[35mDBG[0m] Extracted 30 configs from subscription content
[[35mDBG[0m] Extracted 30 configs from subscription content
[[35mDBG[0m] Extracted 30 configs from subscription content
[[35mDBG[0m] Extracted 25 configs from subscription content
[[35mDBG[0m] Extracted 30 configs from subscription content
[[35mDBG[0m] Extracted 30 configs from subscription content
[[35mDBG[0m] Extracted 30 configs from subscription content
[[35mDBG[0m] Extracted 30 configs from subscription content
[[35mDBG[0m] Extracted 0 configs from subscription content
[[35mDBG[0m] Extracted 30 configs from subscription content
[[35mDBG[0m] Extracted 27 configs from subscription content
[[35mDBG[0m] Extracted 30 configs from subscription content
[[35mDBG[0m] Extracted 30 configs from subscription content
[[35mDBG[0m] Extracted 30 configs from subscription content
[[35mDBG[0m] Extracted 30 configs from subscription content
[[35mDBG[0m] Extracted 26 configs from subscription content
[[35mDBG[0m] Extracted 26 configs from subscription content
[[35mDBG[0m] Extracted 30 configs from subscription content
[[35mDBG[0m] Extracted 1 configs from subscription content
[[35mDBG[0m] Extracted 9 configs from subscription content
[[35mDBG[0m] Extracted 30 configs from subscription content
[[35mDBG[0m] Extracted 30 configs from subscription content
[[35mDBG[0m] Extracted 5 configs from subscription content
[[35mDBG[0m] Extracted 29 configs from subscription content
[[35mDBG[0m] Extracted 0 configs from subscription content
[[35mDBG[0m] Extracted 30 configs from subscription content
[[35mDBG[0m] Extracted 3 configs from subscription content
[[35mDBG[0m] Extracted 4 configs from subscription content
[[35mDBG[0m] Extracted 24 configs from subscription content
[[35mDBG[0m] Extracted 30 configs from subscription content
[[35mDBG[0m] Extracted 30 configs from subscription content
[[35mDBG[0m] Extracted 30 configs from subscription content
[[35mDBG[0m] Extracted 0 configs from subscription content
[[35mDBG[0m] Extracted 30 configs from subscription content
[[35mDBG[0m] Extracted 30 configs from subscription content
[[35mDBG[0m] Extracted 30 configs from subscription content
[[35mDBG[0m] Extracted 30 configs from subscription content
[[35mDBG[0m] Extracted 1 configs from subscription content
[[35mDBG[0m] Extracted 29 configs from subscription content
[[35mDBG[0m] Extracted 30 configs from subscription content
[[35mDBG[0m] Extracted 30 configs from subscription content
[[35mDBG[0m] Extracted 30 configs from subscription content
[[35mDBG[0m] Extracted 28 configs from subscription content
[[35mDBG[0m] Extracted 30 configs from subscription content
[[35mDBG[0m] Extracted 30 configs from subscription content
[[35mDBG[0m] Extracted 30 configs from subscription content
[[35mDBG[0m] Extracted 21 configs from subscription content
[[35mDBG[0m] Extracted 30 configs from subscription content
[[35mDBG[0m] Extracted 30 configs from subscription content
[[35mDBG[0m] Extracted 30 configs from subscription content
[[35mDBG[0m] Extracted 22 configs from subscription content
[[35mDBG[0m] Extracted 30 configs from subscription content
[[35mDBG[0m] Extracted 7 configs from subscription content
[[35mDBG[0m] Extracted 0 configs from subscription content
[[35mDBG[0m] Extracted 30 configs from subscription content
[[35mDBG[0m] Extracted 30 configs from subscription content
[[35mDBG[0m] Extracted 9 configs from subscription content
[[35mDBG[0m] Extracted 30 configs from subscription content
[[35mDBG[0m] Extracted 30 configs from subscription content
[[35mDBG[0m] Extracted 16 configs from subscription content
[[35mDBG[0m] Extracted 14 configs from subscription content
[[35mDBG[0m] Extracted 30 configs from subscription content
[[35mDBG[0m] Extracted 30 configs from subscription content
[[35mDBG[0m] Extracted 30 configs from subscription content
[[35mDBG[0m] Extracted 30 configs from subscription content
[[35mDBG[0m] Extracted 3 configs from subscription content
[[35mDBG[0m] Extracted 0 configs from subscription content
[[35mDBG[0m] Extracted 30 configs from subscription content
[[35mDBG[0m] Extracted 27 configs from subscription content
[[35mDBG[0m] Extracted 30 configs from subscription content
[[35mDBG[0m] Extracted 30 configs from subscription content
[[35mDBG[0m] Extracted 30 configs from subscription content
[[35mDBG[0m] Extracted 30 configs from subscription content
[[35mDBG[0m] Extracted 30 configs from subscription content
[[35mDBG[0m] Extracted 30 configs from subscription content
[[35mDBG[0m] Extracted 26 configs from subscription content
[[35mDBG[0m] Extracted 30 configs from subscription content
[[35mDBG[0m] Extracted 30 configs from subscription content
[[35mDBG[0m] Extracted 30 configs from subscription content
[[35mDBG[0m] Extracted 30 configs from subscription content
[[35mDBG[0m] Extracted 0 configs from subscription content
[[35mDBG[0m] Extracted 30 configs from subscription content
[[35mDBG[0m] Extracted 30 configs from subscription content
[[35mDBG[0m] Extracted 30 configs from subscription content
[[35mDBG[0m] Extracted 0 configs from subscription content
[[35mDBG[0m] Extracted 30 configs from subscription content
[[35mDBG[0m] Extracted 27 configs from subscription content
[[35mDBG[0m] Extracted 30 configs from subscription content
[[35mDBG[0m] Extracted 30 configs from subscription content
[[35mDBG[0m] Extracted 3 configs from subscription content
[[35mDBG[0m] Extracted 30 configs from subscription content
[[35mDBG[0m] Extracted 0 configs from subscription content
[[35mDBG[0m] Extracted 14 configs from subscription content
[[35mDBG[0m] Extracted 30 configs from subscription content
[[35mDBG[0m] Extracted 30 configs from subscription content
[[35mDBG[0m] Extracted 30 configs from subscription content
[[35mDBG[0m] Extracted 4 configs from subscription content
[[35mDBG[0m] Extracted 30 configs from subscription content
[[35mDBG[0m] Extracted 30 configs from subscription content
[[35mDBG[0m] Extracted 30 configs from subscription content
[[35mDBG[0m] Extracted 27 configs from subscription content
[[35mDBG[0m] Extracted 30 configs from subscription content
[[35mDBG[0m] Extracted 30 configs from subscription content
[[35mDBG[0m] Extracted 30 configs from subscription content
[[35mDBG[0m] Extracted 30 configs from subscription content
[[35mDBG[0m] Extracted 0 configs from subscription content
[[35mDBG[0m] Extracted 30 configs from subscription content
[[35mDBG[0m] Extracted 28 configs from subscription content
[[35mDBG[0m] Extracted 30 configs from subscription content
[[35mDBG[0m] Extracted 0 configs from subscription content
[[35mDBG[0m] Extracted 30 configs from subscription content
[[35mDBG[0m] Extracted 30 configs from subscription content
[[35mDBG[0m] Extracted 30 configs from subscription content
[[35mDBG[0m] Extracted 30 configs from subscription content
[[35mDBG[0m] Extracted 2 configs from subscription content
[[35mDBG[0m] Extracted 27 configs from subscription content
[[35mDBG[0m] Extracted 3 configs from subscription content
[[35mDBG[0m] Extracted 3 configs from subscription content
[[35mDBG[0m] Extracted 30 configs from subscription content
[[35mDBG[0m] Extracted 30 configs from subscription content
[[35mDBG[0m] Extracted 2 configs from subscription content
[[35mDBG[0m] Extracted 30 configs from subscription content
[[35mDBG[0m] Extracted 30 configs from subscription content
[[35mDBG[0m] Extracted 30 configs from subscription content
[[35mDBG[0m] Extracted 30 configs from subscription content
[[35mDBG[0m] Extracted 30 configs from subscription content
[[35mDBG[0m] Extracted 0 configs from subscription content
[[35mDBG[0m] Extracted 30 configs from subscription content
[[35mDBG[0m] Extracted 30 configs from subscription content
[[35mDBG[0m] Extracted 4 configs from subscription content
[[35mDBG[0m] Extracted 0 configs from subscription content
[[35mDBG[0m] Extracted 26 configs from subscription content
[[35mDBG[0m] Extracted 30 configs from subscription content
[[35mDBG[0m] Extracted 30 configs from subscription content
[[35mDBG[0m] Extracted 24 configs from subscription content
[[35mDBG[0m] Extracted 26 configs from subscription content
[[35mDBG[0m] Extracted 30 configs from subscription content
[[35mDBG[0m] Extracted 30 configs from subscription content
[[35mDBG[0m] Extracted 30 configs from subscription content
[[35mDBG[0m] Extracted 0 configs from subscription content
[[35mDBG[0m] Extracted 30 configs from subscription content
[[35mDBG[0m] Extracted 29 configs from subscription content
[[35mDBG[0m] Extracted 27 configs from subscription content
[[35mDBG[0m] Extracted 30 configs from subscription content
[[35mDBG[0m] Extracted 2 configs from subscription content
[[35mDBG[0m] Extracted 30 configs from subscription content
[[35mDBG[0m] Extracted 1 configs from subscription content
[[35mDBG[0m] Extracted 0 configs from subscription content
[[35mDBG[0m] Extracted 9 configs from subscription content
[[35mDBG[0m] Extracted 26 configs from subscription content
[[35mDBG[0m] Extracted 27 configs from subscription content
[[35mDBG[0m] Extracted 0 configs from subscription content
[[35mDBG[0m] Extracted 10 configs from subscription content
[[35mDBG[0m] Extracted 27 configs from subscription content
[[35mDBG[0m] Extracted 0 configs from subscription content
[[35mDBG[0m] Extracted 0 configs from subscription content
[[35mDBG[0m] Extracted 3 configs from subscription content
[[35mDBG[0m] Extracted 6 configs from subscription content
[[35mDBG[0m] Extracted 30 configs from subscription content
[[35mDBG[0m] Extracted 30 configs from subscription content
[[35mDBG[0m] Extracted 30 configs from subscription content
[[35mDBG[0m] Extracted 30 configs from subscription content
[[35mDBG[0m] Extracted 29 configs from subscription content
[[35mDBG[0m] Extracted 21 configs from subscription content
[[35mDBG[0m] Extracted 30 configs from subscription content
[[35mDBG[0m] Extracted 9 configs from subscription content
[[35mDBG[0m] Extracted 17 configs from subscription content
[[35mDBG[0m] Extracted 30 configs from subscription content
[[35mDBG[0m] Extracted 30 configs from subscription content
[[35mDBG[0m] Extracted 30 configs from subscription content
[[35mDBG[0m] Extracted 30 configs from subscription content
[[35mDBG[0m] Extracted 30 configs from subscription content
[[35mDBG[0m] Extracted 30 configs from subscription content
[[35mDBG[0m] Extracted 30 configs from subscription content
[[35mDBG[0m] Extracted 30 configs from subscription content
[[35mDBG[0m] Extracted 30 configs from subscription content
[[35mDBG[0m] Extracted 30 configs from subscription content
[[35mDBG[0m] Extracted 4 configs from subscription content
[[35mDBG[0m] Extracted 0 configs from subscription content
[[35mDBG[0m] Extracted 30 configs from subscription content
[[35mDBG[0m] Extracted 30 configs from subscription content
[[35mDBG[0m] Extracted 5 configs from subscription content
[[35mDBG[0m] Extracted 30 configs from subscription content
[[35mDBG[0m] Extracted 30 configs from subscription content
[[35mDBG[0m] Extracted 0 configs from subscription content
[[35mDBG[0m] Extracted 0 configs from subscription content
[[35mDBG[0m] Extracted 0 configs from subscription content
[[35mDBG[0m] Extracted 0 configs from subscription content
[[35mDBG[0m] Extracted 0 configs from subscription content
[[35mDBG[0m] Extracted 0 configs from subscription content
[[35mDBG[0m] Extracted 29 configs from subscription content
[[35mDBG[0m] Extracted 30 configs from subscription content
[[35mDBG[0m] Extracted 1 configs from subscription content
[[35mDBG[0m] Extracted 30 configs from subscription content
[[35mDBG[0m] Extracted 512 configs from subscription content
[[35mDBG[0m] Extracted 86 configs from subscription content
[[35mDBG[0m] Extracted 7 configs from subscription content
[[35mDBG[0m] Extracted 1393 configs from subscription content
[[35mDBG[0m] Extracted 148 configs from subscription content
[[35mDBG[0m] Extracted 0 configs from subscription content
[[35mDBG[0m] Extracted 880 configs from subscription content
[[35mDBG[0m] Extracted 214 configs from subscription content
[[35mDBG[0m] Extracted 107 configs from subscription content
[[35mDBG[0m] Extracted 148 configs from subscription content
[[35mDBG[0m] Extracted 2116 configs from subscription content
[[35mDBG[0m] Extracted 104 configs from subscription content
[[35mDBG[0m] Extracted 880 configs from subscription content
[[35mDBG[0m] Extracted 344 configs from subscription content
[[35mDBG[0m] Extracted 26 configs from subscription content
[[35mDBG[0m] Extracted 104 configs from subscription content
[[35mDBG[0m] Extracted 148 configs from subscription content
[[35mDBG[0m] Extracted 2432 configs from subscription content
[[35mDBG[0m] Extracted 2116 configs from subscription content
[[35mDBG[0m] Extracted 1 configs from subscription content
[[35mDBG[0m] Extracted 103 configs from subscription content
[[35mDBG[0m] Extracted 4 configs from subscription content
[[35mDBG[0m] Extracted 1843 configs from subscription content
[[35mDBG[0m] Extracted 148 configs from subscription content
[[35mDBG[0m] Extracted 148 configs from subscription content
[[35mDBG[0m] Extracted 880 configs from subscription content
[[35mDBG[0m] Extracted 0 configs from subscription content
[[35mDBG[0m] Extracted 35671 configs from subscription content
[[35mDBG[0m] Extracted 15 configs from subscription content
[[35mDBG[0m] Extracted 29 configs from subscription content
[[35mDBG[0m] Extracted 1329 configs from subscription content
[[35mDBG[0m] Extracted 3 configs from subscription content
[[35mDBG[0m] Extracted 347 configs from subscription content
[[35mDBG[0m] Extracted 80 configs from subscription content
[[35mDBG[0m] Extracted 192 configs from subscription content
[[35mDBG[0m] Extracted 0 configs from subscription content
[[35mDBG[0m] Extracted 148 configs from subscription content
[[35mDBG[0m] Extracted 148 configs from subscription content
[[35mDBG[0m] Extracted 880 configs from subscription content
[[35mDBG[0m] Extracted 104 configs from subscription content
[[35mDBG[0m] Extracted 104 configs from subscription content
[[35mDBG[0m] Extracted 114 configs from subscription content
[[35mDBG[0m] Extracted 104 configs from subscription content
[[35mDBG[0m] Extracted 96 configs from subscription content
[[35mDBG[0m] Extracted 131 configs from subscription content
[[35mDBG[0m] Extracted 148 configs from subscription content
[[35mDBG[0m] Extracted 148 configs from subscription content
[[35mDBG[0m] Extracted 33306 configs from subscription content
[[35mDBG[0m] Extracted 5699 configs from subscription content
[[35mDBG[0m] Extracted 880 configs from subscription content
[[35mDBG[0m] Extracted 104 configs from subscription content
[[35mDBG[0m] Extracted 2432 configs from subscription content
[[35mDBG[0m] Extracted 104 configs from subscription content
[[35mDBG[0m] Extracted 245 configs from subscription content
[[35mDBG[0m] Extracted 148 configs from subscription content
[[35mDBG[0m] Extracted 104 configs from subscription content
[[35mDBG[0m] Extracted 449 configs from subscription content
[[35mDBG[0m] Extracted 104 configs from subscription content
[[35mDBG[0m] Extracted 5322 configs from subscription content
[[35mDBG[0m] Extracted 104 configs from subscription content
[[35mDBG[0m] Extracted 104 configs from subscription content
[[35mDBG[0m] Extracted 880 configs from subscription content
[[35mDBG[0m] Extracted 880 configs from subscription content
[[35mDBG[0m] Extracted 317 configs from subscription content
[[35mDBG[0m] Extracted 1760 configs from subscription content
[[35mDBG[0m] Extracted 310 configs from subscription content
[[35mDBG[0m] Extracted 2432 configs from subscription content
[[35mDBG[0m] Extracted 1753 configs from subscription content
[[35mDBG[0m] Extracted 148 configs from subscription content
[[35mDBG[0m] Extracted 104 configs from subscription content
[[35mDBG[0m] Extracted 1 configs from subscription content
[[35mDBG[0m] Extracted 450 configs from subscription content
[[35mDBG[0m] Extracted 880 configs from subscription content
[[35mDBG[0m] Extracted 880 configs from subscription content
[[35mDBG[0m] Extracted 148 configs from subscription content
[[35mDBG[0m] Extracted 80 configs from subscription content
[[35mDBG[0m] Extracted 193 configs from subscription content
[[35mDBG[0m] Extracted 568 configs from subscription content
[[35mDBG[0m] Extracted 312 configs from subscription content
[[35mDBG[0m] Extracted 80 configs from subscription content
[[35mDBG[0m] Extracted 80 configs from subscription content
[[35mDBG[0m] Extracted 880 configs from subscription content
[[35mDBG[0m] Extracted 260 configs from subscription content
[[35mDBG[0m] Extracted 148 configs from subscription content
[[35mDBG[0m] Extracted 35873 configs from subscription content
[[35mDBG[0m] Extracted 6450 configs from subscription content
[[35mDBG[0m] Extracted 6042 configs from subscription content
[[35mDBG[0m] Extracted 880 configs from subscription content
[[35mDBG[0m] Extracted 20 configs from subscription content
[[35mDBG[0m] Extracted 377 configs from subscription content
[[35mDBG[0m] Extracted 110 configs from subscription content
[[35mDBG[0m] Extracted 419 configs from subscription content
[[35mDBG[0m] Extracted 148 configs from subscription content
[[35mDBG[0m] Extracted 2432 configs from subscription content
[[35mDBG[0m] Extracted 0 configs from subscription content
[[35mDBG[0m] Extracted 4262 configs from subscription content
[[35mDBG[0m] Extracted 2432 configs from subscription content
[[35mDBG[0m] Extracted 880 configs from subscription content
[[35mDBG[0m] Extracted 26 configs from subscription content
[[35mDBG[0m] Extracted 242 configs from subscription content
[[35mDBG[0m] Extracted 104 configs from subscription content
[[35mDBG[0m] Extracted 107 configs from subscription content
[[35mDBG[0m] Extracted 80 configs from subscription content
[[35mDBG[0m] Extracted 352 configs from subscription content
[[35mDBG[0m] Extracted 487 configs from subscription content
[[35mDBG[0m] Extracted 258 configs from subscription content
[[35mDBG[0m] Extracted 242 configs from subscription content
[[35mDBG[0m] Extracted 214 configs from subscription content
[[35mDBG[0m] Extracted 23 configs from subscription content
[[35mDBG[0m] Extracted 104 configs from subscription content
[[35mDBG[0m] Extracted 80 configs from subscription content
[[35mDBG[0m] Extracted 89 configs from subscription content
[[35mDBG[0m] Extracted 601 configs from subscription content
[[35mDBG[0m] Extracted 0 configs from subscription content
[[35mDBG[0m] Extracted 2120 configs from subscription content
[[35mDBG[0m] Extracted 4 configs from subscription content
[[35mDBG[0m] Extracted 336 configs from subscription content
[[35mDBG[0m] Extracted 6337 configs from subscription content
[[35mDBG[0m] Extracted 529 configs from subscription content
[[35mDBG[0m] Extracted 1375 configs from subscription content
[[35mDBG[0m] Extracted 1 configs from subscription content
[[35mDBG[0m] Extracted 80 configs from subscription content
[[35mDBG[0m] Extracted 413 configs from subscription content
[[35mDBG[0m] Extracted 11 configs from subscription content
[[35mDBG[0m] Extracted 2287 configs from subscription content
[[35mDBG[0m] Extracted 8 configs from subscription content
[[35mDBG[0m] Extracted 1 configs from subscription content
[[35mDBG[0m] Extracted 2979 configs from subscription content
[[35mDBG[0m] Extracted 2432 configs from subscription content
[[35mDBG[0m] Extracted 148 configs from subscription content
[[35mDBG[0m] Extracted 107 configs from subscription content
[[35mDBG[0m] Extracted 360 configs from subscription content
[[35mDBG[0m] Extracted 16 configs from subscription content
[[35mDBG[0m] Extracted 278 configs from subscription content
[[35mDBG[0m] Extracted 80 configs from subscription content
[[35mDBG[0m] Extracted 104 configs from subscription content
[[35mDBG[0m] Extracted 129 configs from subscription content
[[35mDBG[0m] Extracted 148 configs from subscription content
[[35mDBG[0m] Extracted 0 configs from subscription content
[[35mDBG[0m] Extracted 318 configs from subscription content
[[35mDBG[0m] Extracted 154 configs from subscription content
[[35mDBG[0m] Extracted 54 configs from subscription content
[[35mDBG[0m] Extracted 104 configs from subscription content
[[35mDBG[0m] Extracted 104 configs from subscription content
[[35mDBG[0m] Extracted 2705 configs from subscription content
[[35mDBG[0m] Extracted 3630 configs from subscription content
[[35mDBG[0m] Extracted 24 configs from subscription content
[[35mDBG[0m] Extracted 545 configs from subscription content
[[35mDBG[0m] Extracted 14 configs from subscription content
[[35mDBG[0m] Extracted 880 configs from subscription content
[[35mDBG[0m] Extracted 1167 configs from subscription content
[[35mDBG[0m] Extracted 880 configs from subscription content
[[35mDBG[0m] Extracted 1428 configs from subscription content
[[35mDBG[0m] Extracted 2 configs from subscription content
[[35mDBG[0m] Extracted 80 configs from subscription content
[[35mDBG[0m] Extracted 2432 configs from subscription content
[[35mDBG[0m] Extracted 456 configs from subscription content
[[35mDBG[0m] Extracted 347 configs from subscription content
[[35mDBG[0m] Extracted 0 configs from subscription content
[[35mDBG[0m] Extracted 16 configs from subscription content
[[35mDBG[0m] Extracted 242 configs from subscription content
[[35mDBG[0m] Extracted 6 configs from subscription content
[[35mDBG[0m] Extracted 66 configs from subscription content
[[35mDBG[0m] Extracted 342 configs from subscription content
[[35mDBG[0m] Extracted 2779 configs from subscription content
[[35mDBG[0m] Extracted 112 configs from subscription content
[[35mDBG[0m] Extracted 317 configs from subscription content
[[35mDBG[0m] Extracted 880 configs from subscription content
[[35mDBG[0m] Extracted 27 configs from subscription content
[[35mDBG[0m] Extracted 80 configs from subscription content
[[35mDBG[0m] Extracted 18 configs from subscription content
[[35mDBG[0m] Extracted 37 configs from subscription content
[[35mDBG[0m] Extracted 104 configs from subscription content
[[35mDBG[0m] Extracted 1846 configs from subscription content
[[35mDBG[0m] Extracted 471 configs from subscription content
[[35mDBG[0m] Extracted 2775 configs from subscription content
[[35mDBG[0m] Extracted 80 configs from subscription content
[[35mDBG[0m] Extracted 27 configs from subscription content
[[35mDBG[0m] Extracted 104 configs from subscription content
[[35mDBG[0m] Extracted 47790 configs from subscription content
[[35mDBG[0m] Extracted 2432 configs from subscription content
[[35mDBG[0m] Extracted 148 configs from subscription content
[[35mDBG[0m] Extracted 258 configs from subscription content
[[35mDBG[0m] Extracted 572 configs from subscription content
[[35mDBG[0m] Extracted 0 configs from subscription content
[[35mDBG[0m] Extracted 104 configs from subscription content
[[35mDBG[0m] Extracted 80 configs from subscription content
[[35mDBG[0m] Extracted 880 configs from subscription content
[[35mDBG[0m] Extracted 148 configs from subscription content
[[35mDBG[0m] Extracted 80 configs from subscription content
[[35mDBG[0m] Extracted 347 configs from subscription content
[[35mDBG[0m] Extracted 382 configs from subscription content
[[35mDBG[0m] Extracted 880 configs from subscription content
[[35mDBG[0m] Extracted 188 configs from subscription content
[[35mDBG[0m] Extracted 2432 configs from subscription content
[[35mDBG[0m] Extracted 80 configs from subscription content
[[35mDBG[0m] Extracted 5406 configs from subscription content
[[35mDBG[0m] Extracted 80 configs from subscription content
[[35mDBG[0m] Extracted 880 configs from subscription content
[[35mDBG[0m] Extracted 2432 configs from subscription content
[[35mDBG[0m] Extracted 18 configs from subscription content
[[35mDBG[0m] Extracted 2432 configs from subscription content
[[35mDBG[0m] Extracted 431 configs from subscription content
[[35mDBG[0m] Extracted 880 configs from subscription content
[[35mDBG[0m] Extracted 80 configs from subscription content
[[35mDBG[0m] Extracted 0 configs from subscription content
[[35mDBG[0m] Extracted 148 configs from subscription content
[[35mDBG[0m] Extracted 415 configs from subscription content
[[35mDBG[0m] Extracted 80 configs from subscription content
[[35mDBG[0m] Extracted 4 configs from subscription content
[[35mDBG[0m] Extracted 1286 configs from subscription content
[[35mDBG[0m] Extracted 491 configs from subscription content
[[35mDBG[0m] Extracted 8 configs from subscription content
[[35mDBG[0m] Extracted 114 configs from subscription content
[[35mDBG[0m] Extracted 0 configs from subscription content
[[35mDBG[0m] Extracted 0 configs from subscription content
[[35mDBG[0m] Extracted 242 configs from subscription content
[[35mDBG[0m] Extracted 80 configs from subscription content
[[35mDBG[0m] Extracted 880 configs from subscription content
[[35mDBG[0m] Extracted 214 configs from subscription content
[[35mDBG[0m] Extracted 368 configs from subscription content
[[35mDBG[0m] Extracted 80 configs from subscription content
[[35mDBG[0m] Extracted 2432 configs from subscription content
[[35mDBG[0m] Extracted 2802 configs from subscription content
[[35mDBG[0m] Extracted 0 configs from subscription content
[[35mDBG[0m] Extracted 16 configs from subscription content
[[35mDBG[0m] Extracted 104 configs from subscription content
[[35mDBG[0m] Extracted 755 configs from subscription content
[[35mDBG[0m] Extracted 121 configs from subscription content
[[35mDBG[0m] Extracted 349 configs from subscription content
[[35mDBG[0m] Extracted 511 configs from subscription content
[[35mDBG[0m] Extracted 1080 configs from subscription content
[[35mDBG[0m] Extracted 43 configs from subscription content
[[35mDBG[0m] Extracted 356 configs from subscription content
[[35mDBG[0m] Extracted 104 configs from subscription content
[[35mDBG[0m] Extracted 880 configs from subscription content
[[35mDBG[0m] Extracted 880 configs from subscription content
[[35mDBG[0m] Extracted 3 configs from subscription content
[[35mDBG[0m] Extracted 80 configs from subscription content
[[35mDBG[0m] Extracted 2432 configs from subscription content
[[35mDBG[0m] Extracted 0 configs from subscription content
[[35mDBG[0m] Extracted 1795 configs from subscription content
[[35mDBG[0m] Extracted 366 configs from subscription content
[[35mDBG[0m] Extracted 2432 configs from subscription content
[[35mDBG[0m] Extracted 644 configs from subscription content
[[35mDBG[0m] Extracted 2432 configs from subscription content
[[35mDBG[0m] Extracted 3557 configs from subscription content
[[35mDBG[0m] Extracted 232 configs from subscription content
[[35mDBG[0m] Extracted 242 configs from subscription content
[[35mDBG[0m] Extracted 360 configs from subscription content
[[35mDBG[0m] Extracted 347 configs from subscription content
[[35mDBG[0m] Extracted 513 configs from subscription content
[[35mDBG[0m] Extracted 1868 configs from subscription content
[[35mDBG[0m] Extracted 529 configs from subscription content
[[35mDBG[0m] Extracted 1 configs from subscription content
[[35mDBG[0m] Extracted 3512 configs from subscription content
[[35mDBG[0m] Extracted 148 configs from subscription content
[[35mDBG[0m] Extracted 6 configs from subscription content
[[35mDBG[0m] Extracted 2299 configs from subscription content
[[35mDBG[0m] Extracted 80 configs from subscription content
[[35mDBG[0m] Extracted 1103 configs from subscription content
[[35mDBG[0m] Extracted 80 configs from subscription content
[[35mDBG[0m] Extracted 148 configs from subscription content
[[35mDBG[0m] Extracted 3517 configs from subscription content
[[35mDBG[0m] Extracted 483 configs from subscription content
[[35mDBG[0m] Extracted 80 configs from subscription content
[[35mDBG[0m] Extracted 35712 configs from subscription content
[[35mDBG[0m] Extracted 2432 configs from subscription content
[[35mDBG[0m] Extracted 148 configs from subscription content
[[35mDBG[0m] Extracted 104 configs from subscription content
[[35mDBG[0m] Extracted 363 configs from subscription content
[[35mDBG[0m] Extracted 80 configs from subscription content
[[35mDBG[0m] Extracted 880 configs from subscription content
[[35mDBG[0m] Extracted 25 configs from subscription content
[[35mDBG[0m] Extracted 880 configs from subscription content
[[35mDBG[0m] Extracted 317 configs from subscription content
[[35mDBG[0m] Extracted 104 configs from subscription content
[[35mDBG[0m] Extracted 477 configs from subscription content
[[35mDBG[0m] Extracted 80 configs from subscription content
[[35mDBG[0m] Extracted 80 configs from subscription content
[[35mDBG[0m] Extracted 104 configs from subscription content
[[35mDBG[0m] Extracted 1291 configs from subscription content
[[35mDBG[0m] Extracted 104 configs from subscription content
[[35mDBG[0m] Extracted 295 configs from subscription content
[[35mDBG[0m] Extracted 714 configs from subscription content
[[35mDBG[0m] Extracted 104 configs from subscription content
[[35mDBG[0m] Extracted 183 configs from subscription content
[[35mDBG[0m] Extracted 352 configs from subscription content
[[35mDBG[0m] Extracted 242 configs from subscription content
[[35mDBG[0m] Extracted 2432 configs from subscription content
[[35mDBG[0m] Extracted 107 configs from subscription content
[[35mDBG[0m] Extracted 80 configs from subscription content
[[35mDBG[0m] Extracted 880 configs from subscription content
[[35mDBG[0m] Extracted 2116 configs from subscription content
[[35mDBG[0m] Extracted 508 configs from subscription content
[[35mDBG[0m] Extracted 1920 configs from subscription content
[[35mDBG[0m] Extracted 360 configs from subscription content
[[35mDBG[0m] Extracted 104 configs from subscription content
[[35mDBG[0m] Extracted 148 configs from subscription content
[[35mDBG[0m] Extracted 8289 configs from subscription content
[[34mINF[0m] All fetching completed. Now processing cache...
[[34mINF[0m] Pruned 367 configs older than 720h0m0s
[[35mDBG[0m] Written 12 configs to 🔗 subscription/🔒 WireGuard.txt
[[35mDBG[0m] Written 21 configs to 🔗 subscription/🔄 SSR.txt
[[35mDBG[0m] Written 1 configs to 🔗 subscription/☁️ Argo.txt
[[35mDBG[0m] Written 6007 configs to 🔗 subscription/🐴 Trojan.txt
[[35mDBG[0m] Written 15 configs to 🔗 subscription/🌐 HTTP / HTTPS.txt
[[35mDBG[0m] Written 1 configs to 🔗 subscription/🧩 Tuic.txt
[[35mDBG[0m] Written 35178 configs to 🔗 subscription/🕳️ VLess.txt
[[35mDBG[0m] Written 5731 configs to 🔗 subscription/🐍 Shadowsocks.txt
[[35mDBG[0m] Written 13778 configs to 🔗 subscription/📦 VMess.txt
[[35mDBG[0m] Written 196 configs to 🔗 subscription/⚡ Hysteria2.txt
[[35mDBG[0m] Written 7 configs to 🔗 subscription/🧦 SOCKS.txt
[[34mINF[0m] Added 21 new configs to 📦 all_configs/🔗 subscription/🔄 SSR.txt
[[34mINF[0m] Added 8 new configs to 📦 all_configs/🔗 subscription/🧦 SOCKS.txt
[[34mINF[0m] Added 1 new configs to 📦 all_configs/🔗 subscription/☁️ Argo.txt
[[34mINF[0m] Added 1 new configs to 📦 all_configs/🔗 subscription/🧩 Tuic.txt
[[34mINF[0m] Added 61759 new configs to 📦 all_configs/🔗 subscription/📄 all_protocols.txt
[[31mERR[0m] Cannot open 📦 all_configs/🔗 subscription/🌐 HTTP / HTTPS.txt: open 📦 all_configs/🔗 subscription/🌐 HTTP / HTTPS.txt: no such file or directory
[[34mINF[0m] 📦 Running daily archive for 2026-10-08
[[34mINF[0m] Cleared 📦 all_configs after archiving
[[34mINF[0m] Archived 📦 all_configs to 🗄️ daily_archive/2026-10-08
[[34mINF[0m] reports/links.md generated
[[34mINF[0m] reports/collector_stats.md and reports/collector_stats.txt generated
[[34mINF[0m] reports/sources_report.md generated (enhanced version)
[[34mINF[0m] Stats: New=281, Dup=533179, Insecure=172496, Telegram=0, Subs=281, Total=61805
[[34mINF[0m] ✅ Successfully collected 281 new configs
[[34mINF[0m] All Done!
